data/actor/ObjectCommon.nut
data/actor/ObjectCommon.nut
data/actor/buffScript.nut
data/actor/common/common.pat
data/actor/cpuCommon.nut
data/actor/effect.nut
data/actor/effect/effect.pat
data/actor/effect/effect.pat
data/actor/futo.nut
data/actor/futo.nut
data/actor/futoInit.nut
data/actor/futoInit.nut
data/actor/futo_base.nut
data/actor/futo_boss.nut
data/actor/futo_cpu.nut
data/actor/futo_cpuBoss.nut
data/actor/futo_shot.nut
data/actor/futo_shot.nut
data/actor/hanako.nut
data/actor/hanako.nut
data/actor/hanako_base.nut
data/actor/hanako_cpu.nut
data/actor/hanako_shot.nut
data/actor/hijiri.nut
data/actor/hijiri.nut
data/actor/hijiriInit.nut
data/actor/hijiriInit.nut
data/actor/hijiri_base.nut
data/actor/hijiri_base.nut
data/actor/hijiri_boss.nut
data/actor/hijiri_cpu.nut
data/actor/hijiri_cpuBoss.nut
data/actor/hijiri_shot.nut
data/actor/hijiri_shot.nut
data/actor/ichirin.nut
data/actor/ichirin.nut
data/actor/ichirinInit.nut
data/actor/ichirinInit.nut
data/actor/ichirin_base.nut
data/actor/ichirin_base.nut
data/actor/ichirin_boss.nut
data/actor/ichirin_boss.nut
data/actor/ichirin_cpu.nut
data/actor/ichirin_cpuBoss.nut
data/actor/ichirin_shot.nut
data/actor/ichirin_shot.nut
data/actor/item.nut
data/actor/kasen.nut
data/actor/kasen.nut
data/actor/kasenInit.nut
data/actor/kasenInit.nut
data/actor/kasen_base.nut
data/actor/kasen_base.nut
data/actor/kasen_boss.nut
data/actor/kasen_cpu.nut
data/actor/kasen_cpuBoss.nut
data/actor/kasen_eagle.nut
data/actor/kasen_eagle.nut
data/actor/kasen_shot.nut
data/actor/kasen_shot.nut
data/actor/koishi.nut
data/actor/koishi.nut
data/actor/koishiInit.nut
data/actor/koishiInit.nut
data/actor/koishi_base.nut
data/actor/koishi_base.nut
data/actor/koishi_boss.nut
data/actor/koishi_cpu.nut
data/actor/koishi_cpuBoss.nut
data/actor/koishi_shot.nut
data/actor/koishi_shot.nut
data/actor/kokoro.nut
data/actor/kokoro.nut
data/actor/kokoroInit.nut
data/actor/kokoroInit.nut
data/actor/kokoro_base.nut
data/actor/kokoro_boss.nut
data/actor/kokoro_cpu.nut
data/actor/kokoro_cpuBoss.nut
data/actor/kokoro_shot.nut
data/actor/kokoro_shot.nut
data/actor/mamizou.nut
data/actor/mamizou.nut
data/actor/mamizouInit.nut
data/actor/mamizouInit.nut
data/actor/mamizou_base.nut
data/actor/mamizou_base.nut
data/actor/mamizou_boss.nut
data/actor/mamizou_boss.nut
data/actor/mamizou_cpu.nut
data/actor/mamizou_cpuBoss.nut
data/actor/mamizou_shot.nut
data/actor/mamizou_shot.nut
data/actor/marisa.nut
data/actor/marisa.nut
data/actor/marisaInit.nut
data/actor/marisaInit.nut
data/actor/marisa_base.nut
data/actor/marisa_base.nut
data/actor/marisa_boss.nut
data/actor/marisa_boss.nut
data/actor/marisa_cpu.nut
data/actor/marisa_cpuBoss.nut
data/actor/marisa_cpuBoss.nut
data/actor/marisa_shot.nut
data/actor/marisa_shot.nut
data/actor/miko.nut
data/actor/miko.nut
data/actor/mikoInit.nut
data/actor/mikoInit.nut
data/actor/miko_base.nut
data/actor/miko_base.nut
data/actor/miko_boss.nut
data/actor/miko_cpu.nut
data/actor/miko_cpuBoss.nut
data/actor/miko_shot.nut
data/actor/miko_shot.nut
data/actor/mokou.nut
data/actor/mokou.nut
data/actor/mokouInit.nut
data/actor/mokouInit.nut
data/actor/mokou_base.nut
data/actor/mokou_boss.nut
data/actor/mokou_cpu.nut
data/actor/mokou_cpuBoss.nut
data/actor/mokou_shot.nut
data/actor/mokou_shot.nut
data/actor/neutralInit.nut
data/actor/neutralInit.nut
data/actor/nitori.nut
data/actor/nitori.nut
data/actor/nitoriInit.nut
data/actor/nitoriInit.nut
data/actor/nitori_base.nut
data/actor/nitori_boss.nut
data/actor/nitori_cpu.nut
data/actor/nitori_cpuBoss.nut
data/actor/nitori_shot.nut
data/actor/nitori_shot.nut
data/actor/playerCommonScript.nut
data/actor/playerCommonScript.nut
data/actor/playerItemScript.nut
data/actor/reimu.nut
data/actor/reimu.nut
data/actor/reimuInit.nut
data/actor/reimuInit.nut
data/actor/reimu_base.nut
data/actor/reimu_base.nut
data/actor/reimu_boss.nut
data/actor/reimu_cpu.nut
data/actor/reimu_cpuBoss.nut
data/actor/reimu_shot.nut
data/actor/reimu_shot.nut
data/actor/sinmyoumaru.nut
data/actor/sinmyoumaru.nut
data/actor/sinmyoumaruInit.nut
data/actor/sinmyoumaruInit.nut
data/actor/sinmyoumaru_base.nut
data/actor/sinmyoumaru_boss.nut
data/actor/sinmyoumaru_cpu.nut
data/actor/sinmyoumaru_cpuBoss.nut
data/actor/sinmyoumaru_shot.nut
data/actor/sinmyoumaru_shot.nut
data/actor/storyEffect.nut
data/actor/storyEffect.nut
data/actor/usami.nut
data/actor/usami.nut
data/actor/usamiInit.nut
data/actor/usamiInit.nut
data/actor/usami_base.nut
data/actor/usami_boss.nut
data/actor/usami_cpu.nut
data/actor/usami_cpuBoss.nut
data/actor/usami_shot.nut
data/actor/usami_shot.nut
data/background/min/back.dds
data/background/min/bg17.dds
data/background/min/bg27.dds
data/background/min/building.png
data/bgm/bgm.csv
data/csv/ItemCommon.csv
data/csv/ItemFuto.csv
data/csv/ItemHijiri.csv
data/csv/ItemIchirin.csv
data/csv/ItemKoishi.csv
data/csv/ItemKokoro.csv
data/csv/ItemMamizou.csv
data/csv/ItemMarisa.csv
data/csv/ItemMiko.csv
data/csv/ItemNitori.csv
data/csv/ItemReimu.csv
data/csv/story/backGround.csv
data/csv/story/enemyList.csv
data/event/pic/ed/back0.dds
data/event/pic/ed/back1.dds
data/event/pic/ed/back2.dds
data/event/pic/ed/back3.dds
data/event/pic/ed/back4.dds
data/event/pic/ed/back5.dds
data/event/pic/ed/back6.dds
data/event/pic/ed/edbg.dds
data/event/pic/ed/futo0.dds
data/event/pic/ed/futo1.dds
data/event/pic/ed/hijiri0.dds
data/event/pic/ed/hijiri1.dds
data/event/pic/ed/ichirin0.dds
data/event/pic/ed/ichirin1.dds
data/event/pic/ed/kasen0.dds
data/event/pic/ed/kasen1.dds
data/event/pic/ed/koishi0.dds
data/event/pic/ed/koishi1.dds
data/event/pic/ed/kokoro0.dds
data/event/pic/ed/kokoro1.dds
data/event/pic/ed/mamizou0.dds
data/event/pic/ed/mamizou1.dds
data/event/pic/ed/marisa0.dds
data/event/pic/ed/marisa1.dds
data/event/pic/ed/miko0.dds
data/event/pic/ed/miko1.dds
data/event/pic/ed/mokou0.dds
data/event/pic/ed/mokou1.dds
data/event/pic/ed/nitori0.dds
data/event/pic/ed/nitori1.dds
data/event/pic/ed/reimu0.dds
data/event/pic/ed/reimu1.dds
data/event/pic/ed/sinmyoumaru0.dds
data/event/pic/ed/sinmyoumaru1.dds
data/event/pic/ed/usami0.dds
data/event/pic/ed/usami1.dds
data/event/pic/futo.csv
data/event/pic/hijiri.csv
data/event/pic/ichirin.csv
data/event/pic/kasen.csv
data/event/pic/koishi.csv
data/event/pic/kokoro.csv
data/event/pic/mamizou.csv
data/event/pic/marisa.csv
data/event/pic/miko.csv
data/event/pic/mokou.csv
data/event/pic/nitori.csv
data/event/pic/reimu.csv
data/event/pic/sinmyoumaru.csv
data/event/pic/usami.csv
data/script/act_def.nut
data/script/actor.nut
data/script/actor.nut
data/script/background/bg18_actor.nut
data/script/background/bg18_min.nut
data/script/background/bg29_min.nut
data/script/background/bg_min.nut
data/script/boot.nut
data/script/camera.nut
data/script/camera_2d.nut
data/script/camera_3d.nut
data/script/class.nut
data/script/config.nut
data/script/config.nut
data/script/const.nut
data/script/const.nut
data/script/const_key.nut
data/script/const_key.nut
data/script/font.nut
data/script/game.nut
data/script/game.nut
data/script/game_load.nut
data/script/game_occult.nut
data/script/game_occult.nut
data/script/game_scene.nut
data/script/game_scene.nut
data/script/game_story.nut
data/script/global.nut
data/script/hit.nut
data/script/hit.nut
data/script/input.nut
data/script/input_command.nut
data/script/keymap.nut
data/script/loadFiles.nut
data/script/loadFiles.nut
data/script/math.nut
data/script/practice.nut
data/script/practice.nut
data/script/render.nut
data/script/renderer_vm.nut
data/script/replay.nut
data/script/savedata.nut
data/script/savedata.nut
data/script/sound.nut
data/script/stage.nut
data/script/story.nut
data/script/win.nut
data/script/world.nut
data/se/se.csv
data/system/BattleStatus/DrawNumber.nut
data/system/BattleStatus/hijiri/hijiri.nut
data/system/BattleStatus/huto/futo.nut
data/system/BattleStatus/ichirin/ichirin.nut
data/system/BattleStatus/koishi/koishi.nut
data/system/BattleStatus/kokoro/kokoro.nut
data/system/BattleStatus/mamizou/mamizou.nut
data/system/BattleStatus/marisa/marisa.nut
data/system/BattleStatus/miko/miko.nut
data/system/BattleStatus/mokou/mokou.nut
data/system/BattleStatus/nitori/nitori.nut
data/system/BattleStatus/reimu/reimu.nut
data/system/Component/Capture.global.nut
data/system/Component/Utility.global.nut
data/system/char_select3/story/summary.txt
data/system/char_select3/story_select.global.nut
data/system/char_select3/story_select.global.nut
data/system/component/def_font_pattern.nut
data/system/component/enum_file.nut
data/system/component/fader.global.nut
data/system/component/network.nut
data/system/component/network.nut
data/system/component/selector.nut
data/system/manbow_render/csv/midashi1.csv
data/system/manbow_render/csv/midashi2.csv
data/system/practice/on_draw.nut
data/system/practice/on_draw.nut
