data/
data/actor/
data/actor/effect/
data/actor/effect/bmsln/
data/actor/effect/model/
data/actor/effect/texture/
data/actor/futo/
data/actor/futo/bmsln/
data/actor/futo/model/
data/actor/futo/texture/
data/actor/hijiri/
data/actor/hijiri/bmsln/
data/actor/hijiri/model/
data/actor/hijiri/texture/
data/actor/hijiri_r/
data/actor/hijiri_r/texture/
data/actor/ichirin/
data/actor/ichirin/bmsln/
data/actor/ichirin/model/
data/actor/ichirin/texture/
data/actor/item/
data/actor/item/bmsln/
data/actor/item/model/
data/actor/item/texture/
data/actor/koishi/
data/actor/koishi/bmsln/
data/actor/koishi/model/
data/actor/koishi/texture/
data/actor/kokoro/
data/actor/kokoro/bmsln/
data/actor/kokoro/model/
data/actor/kokoro/texture/
data/actor/mamizou/
data/actor/mamizou/bmsln/
data/actor/mamizou/model/
data/actor/mamizou/texture/
data/actor/marisa/
data/actor/marisa/bmsln/
data/actor/marisa/model/
data/actor/marisa/texture/
data/actor/miko/
data/actor/miko/bmsln/
data/actor/miko/model/
data/actor/miko/texture/
data/actor/miko_r/
data/actor/miko_r/texture/
data/actor/morph_futo/
data/actor/morph_futo/texture/
data/actor/morph_hijiri/
data/actor/morph_hijiri/texture/
data/actor/morph_ichirin/
data/actor/morph_koishi/
data/actor/morph_koishi/texture/
data/actor/morph_kokoro/
data/actor/morph_kokoro/bmsln/
data/actor/morph_kokoro/texture/
data/actor/morph_marisa/
data/actor/morph_miko/
data/actor/morph_miko/texture/
data/actor/morph_nitori/
data/actor/morph_nitori/bmsln/
data/actor/morph_nitori/texture/
data/actor/morph_reimu/
data/actor/nitori/
data/actor/nitori/bmsln/
data/actor/nitori/model/
data/actor/nitori/texture/
data/actor/reimu/
data/actor/reimu/bmsln/
data/actor/reimu/model/
data/actor/reimu/texture/
data/actor/story/
data/actor/story/futo/
data/actor/story/hijiri/
data/actor/story/ichirin/
data/actor/story/koishi/
data/actor/story/kokoro/
data/actor/story/mamizou/
data/actor/story/marisa/
data/actor/story/miko/
data/actor/story/nitori/
data/actor/story/reimu/
data/actor/story/system/
data/background/bg01/
data/background/bg01/000地面/
data/background/bg01/000基礎前/
data/background/bg01/000屋根/
data/background/bg01/000屋根中央小/
data/background/bg01/000屋根前/
data/background/bg01/000屋根前下/
data/background/bg01/000屋根端/
data/background/bg01/000屋根裏/
data/background/bg01/000木右/
data/background/bg01/000木小/
data/background/bg01/000木左/
data/background/bg01/000横柱アーチ/
data/background/bg01/000灯篭/
data/background/bg01/000石通路/
data/background/bg01/000神社/
data/background/bg01/000神社基礎/
data/background/bg01/000神社本体/
data/background/bg01/000空/
data/background/bg01/000蔵/
data/background/bg01/001山奥/
data/background/bg01/002中央/
data/background/bg01/003山手前/
data/background/bg01/004kusa/
data/background/bg01/004森/
data/background/bg01/005tree/
data/background/bg01/006tree/
data/background/bg01/007tree/
data/background/bg01/008tree/
data/background/bg01/009tree/
data/background/bg01/010kusa/
data/background/bg01/020tree/
data/background/bg01/021tree/
data/background/bg01/022tree/
data/background/bg01/023tree/
data/background/bg01/024tree/
data/background/bg01/025tree/
data/background/bg01/026tree/
data/background/bg01/027tree/
data/background/bg01/030kusa/
data/background/bg01/031kusa/
data/background/bg01/032tree/
data/background/bg01/033_tree/
data/background/bg01/034tree/
data/background/bg01/035tree/
data/background/bg01/036tree/
data/background/bg01/037tree/
data/background/bg01/040kusa/
data/background/bg01/041kusa/
data/background/bg01/042kusa/
data/background/bg01/obj1/
data/background/bg01/obj10/
data/background/bg01/obj11/
data/background/bg01/obj12/
data/background/bg01/obj13/
data/background/bg01/obj14/
data/background/bg01/obj15/
data/background/bg01/obj16/
data/background/bg01/obj17/
data/background/bg01/obj18/
data/background/bg01/obj2/
data/background/bg01/obj3/
data/background/bg01/obj4/
data/background/bg01/obj5/
data/background/bg01/obj6/
data/background/bg01/obj7/
data/background/bg01/obj8/
data/background/bg01/obj9/
data/background/bg01/地面/
data/background/bg01/基礎前/
data/background/bg01/屋根/
data/background/bg01/屋根中央小/
data/background/bg01/屋根前/
data/background/bg01/屋根前下/
data/background/bg01/屋根端/
data/background/bg01/屋根裏/
data/background/bg01/山奥/
data/background/bg01/山奥1/
data/background/bg01/山手前/
data/background/bg01/木右/
data/background/bg01/木小/
data/background/bg01/木左/
data/background/bg01/森/
data/background/bg01/横柱アーチ/
data/background/bg01/灯篭/
data/background/bg01/石通路/
data/background/bg01/神社基礎/
data/background/bg01/神社本体/
data/background/bg01/空/
data/background/bg01/草/
data/background/bg01/蔵/
data/background/bg02/
data/background/bg02/000テーブル1/
data/background/bg02/000卓上小物/
data/background/bg02/000床/
data/background/bg02/000建物_三省堂/
data/background/bg02/000建物_民家右/
data/background/bg02/000建物_民家右端/
data/background/bg02/000建物_民家左/
data/background/bg02/000建物_花屋本体/
data/background/bg02/000建物_花屋柱/
data/background/bg02/000建物_蔵/
data/background/bg02/000建物_蔵屋根手前/
data/background/bg02/000建物_飲み屋/
data/background/bg02/000建物_飲み屋カウンター/
data/background/bg02/000建物_飲み屋ベランダ/
data/background/bg02/000建物_飲み屋内装/
data/background/bg02/000建物_飲み屋屋根/
data/background/bg02/000建物_飲み屋屋根2f/
data/background/bg02/000建物_飲み屋屋根手前1f/
data/background/bg02/000建物_飲み屋屋根手前2f/
data/background/bg02/000建物_飲み屋柱/
data/background/bg02/000建物_飲み屋看板/
data/background/bg02/000建物_骨董屋/
data/background/bg02/000建物_骨董屋屋根手前/
data/background/bg02/000建物_骨董屋屋根軒先/
data/background/bg02/000建物_骨董屋看板/
data/background/bg02/000提灯Ａ/
data/background/bg02/000空/
data/background/bg02/000道具1/
data/background/bg02/000道具2/
data/background/bg02/000道具3/
data/background/bg02/000道具4/
data/background/bg02/000道具5/
data/background/bg02/000道具6/
data/background/bg02/000道具7/
data/background/bg02/000道具8/
data/background/bg02/000酒樽椅子/
data/background/bg02/000酒樽１/
data/background/bg02/000酒樽２/
data/background/bg02/001山奥/
data/background/bg02/002中央/
data/background/bg02/テーブル/
data/background/bg02/三省堂/
data/background/bg02/卓上小物/
data/background/bg02/床/
data/background/bg02/椅子/
data/background/bg02/民家右/
data/background/bg02/民家左/
data/background/bg02/飲み屋/
data/background/bg02/飲み屋屋根/
data/background/bg03/
data/background/bg03/000funeA/
data/background/bg03/000空ドーム/
data/background/bg03/000空下/
data/background/bg03/000空奥/
data/background/bg03/000船/
data/background/bg03/000螫ｻ蜒ｪ荵募ч/
data/background/bg03/000螫ｻ螢貼
data/background/bg03/000螫ｻ蠅ｱ/
data/background/bg03/001kumo/
data/background/bg03/001kumoB/
data/background/bg03/002kumo/
data/background/bg03/003kumo/
data/background/bg03/004kumo/
data/background/bg03/obj9/
data/background/bg03/空ドーム/
data/background/bg03/空下/
data/background/bg03/空奥/
data/background/bg03/船/
data/background/bg04/
data/background/bg04/000地蔵/
data/background/bg04/000地蔵ひな壇/
data/background/bg04/000地面/
data/background/bg04/000寺/
data/background/bg04/000寺屋根Ｌ/
data/background/bg04/000崖/
data/background/bg04/000手すり/
data/background/bg04/000手すり手前/
data/background/bg04/000柱細/
data/background/bg04/000灯篭大/
data/background/bg04/000燈篭手前/
data/background/bg04/000燈篭緑/
data/background/bg04/000燈篭赤/
data/background/bg04/000空/
data/background/bg04/000綱/
data/background/bg04/000螂呈栢/
data/background/bg04/000螂歃
data/background/bg04/000螫ｻ/
data/background/bg04/000蟲ｧ/
data/background/bg04/000蟶･/
data/background/bg04/000蟶･螢・ｴｻ菫ｴ/
data/background/bg04/000蠎､蛛｡蛯拿
data/background/bg04/000蠎､蛛｡蛯晏ｺ､諷彌
data/background/bg04/000蠢・・蛛貞・蛛・
data/background/bg04/000諡ｰ蠏ｶ/
data/background/bg04/000謚ｧ諞ｼ/
data/background/bg04/000謚ｧ諞ｼ蛯ょ・謚蚕
data/background/bg04/000謚ｧ譟ｺ/
data/background/bg04/000賽銭箱/
data/background/bg04/000鐘つきどう/
data/background/bg04/000階段/
data/background/bg04/000雖匁・謨能
data/background/bg04/000鞫よ･ｿ謌拿
data/background/bg04/000鞫・･ｿ蠎､諷彌
data/background/bg04/000鞫・･ｿ諢箪
data/background/bg04/000鞫・･ｿ讀｢/
data/background/bg04/001山奥/
data/background/bg04/001蠍ｳ蠅ｱ/
data/background/bg04/002中央/
data/background/bg04/002諡槫｢ｰ/
data/background/bg04/003山手前/
data/background/bg04/004kusa/
data/background/bg04/004森/
data/background/bg04/005tree/
data/background/bg04/006tree/
data/background/bg04/007tree/
data/background/bg04/008tree/
data/background/bg04/009tree/
data/background/bg04/010tree/
data/background/bg04/011tree/
data/background/bg04/012tree/
data/background/bg04/013tree/
data/background/bg04/014tree/
data/background/bg04/015tree/
data/background/bg04/016tree/
data/background/bg04/017tree/
data/background/bg04/018tree/
data/background/bg04/019tree/
data/background/bg04/020tree/
data/background/bg04/021tree/
data/background/bg04/022tree/
data/background/bg04/023tree/
data/background/bg04/024tree/
data/background/bg04/025tree/
data/background/bg04/026tree/
data/background/bg04/027tree/
data/background/bg04/028tree/
data/background/bg04/029tree/
data/background/bg04/030tree/
data/background/bg04/031tree/
data/background/bg04/032tree/
data/background/bg04/033tree/
data/background/bg04/034tree/
data/background/bg04/035tree/
data/background/bg04/036tree/
data/background/bg04/037tree/
data/background/bg04/038tree/
data/background/bg04/039tree/
data/background/bg04/040tree/
data/background/bg04/041tree/
data/background/bg04/042tree/
data/background/bg04/043tree/
data/background/bg04/044tree/
data/background/bg04/045tree/
data/background/bg04/046tree/
data/background/bg04/047tree/
data/background/bg04/048tree/
data/background/bg04/049tree/
data/background/bg04/050tree/
data/background/bg04/051tree/
data/background/bg04/052tree/
data/background/bg04/053tree/
data/background/bg04/054tree/
data/background/bg04/055tree/
data/background/bg04/056tree/
data/background/bg04/057tree/
data/background/bg04/058tree/
data/background/bg04/059tree/
data/background/bg04/060tree/
data/background/bg04/061tree/
data/background/bg04/062tree/
data/background/bg04/063tree/
data/background/bg04/064tree/
data/background/bg04/065tree/
data/background/bg04/066tree/
data/background/bg04/067tree/
data/background/bg04/068tree/
data/background/bg04/069tree/
data/background/bg04/070tree/
data/background/bg04/071tree/
data/background/bg04/072tree/
data/background/bg04/073tree/
data/background/bg04/074tree/
data/background/bg04/075tree/
data/background/bg04/076tree/
data/background/bg04/077tree/
data/background/bg04/078tree/
data/background/bg04/079tree/
data/background/bg04/080tree/
data/background/bg04/081tree/
data/background/bg04/082tree/
data/background/bg04/083tree/
data/background/bg04/084tree/
data/background/bg04/085tree/
data/background/bg04/086tree/
data/background/bg04/087tree/
data/background/bg04/088tree/
data/background/bg04/089tree/
data/background/bg04/090tree/
data/background/bg04/091tree/
data/background/bg04/092tree/
data/background/bg04/093tree/
data/background/bg04/094tree/
data/background/bg04/095tree/
data/background/bg04/096tree/
data/background/bg04/097tree/
data/background/bg04/098tree/
data/background/bg04/099tree/
data/background/bg04/100tree/
data/background/bg04/101tree/
data/background/bg04/102tree/
data/background/bg04/103tree/
data/background/bg04/104tree/
data/background/bg04/105tree/
data/background/bg04/106tree/
data/background/bg04/107tree/
data/background/bg04/108tree/
data/background/bg04/109tree/
data/background/bg04/110tree/
data/background/bg04/111tree/
data/background/bg04/112tree/
data/background/bg04/113tree/
data/background/bg04/114tree/
data/background/bg04/115tree/
data/background/bg04/116tree/
data/background/bg04/117tree/
data/background/bg04/118tree/
data/background/bg04/119tree/
data/background/bg04/120tree/
data/background/bg04/121tree/
data/background/bg04/122tree/
data/background/bg04/123tree/
data/background/bg04/124tree/
data/background/bg04/125tree/
data/background/bg04/126tree/
data/background/bg04/127tree/
data/background/bg04/128tree/
data/background/bg04/129tree/
data/background/bg04/130tree/
data/background/bg04/131tree/
data/background/bg04/132tree/
data/background/bg04/133tree/
data/background/bg04/134tree/
data/background/bg04/135tree/
data/background/bg04/136tree/
data/background/bg04/137tree/
data/background/bg04/138tree/
data/background/bg04/139tree/
data/background/bg04/hataL_00/
data/background/bg04/hataL_01/
data/background/bg04/hataL_02/
data/background/bg04/hataL_03/
data/background/bg04/hataL_04/
data/background/bg04/hataL_05/
data/background/bg04/hataR_00/
data/background/bg04/hataR_01/
data/background/bg04/hataR_02/
data/background/bg04/hataR_03/
data/background/bg04/hataR_04/
data/background/bg04/hataR_05/
data/background/bg04/mob/
data/background/bg04/mob/mob_hataa/
data/background/bg04/mob/mob_hatab/
data/background/bg04/obj1/
data/background/bg04/obj2/
data/background/bg04/reimu/
data/background/bg04/treea/
data/background/bg04/treeb/
data/background/bg04/地蔵/
data/background/bg04/地蔵ひな壇/
data/background/bg04/地面/
data/background/bg04/寺/
data/background/bg04/寺屋根Ｌ/
data/background/bg04/崖/
data/background/bg04/崖左/
data/background/bg04/手すり/
data/background/bg04/旗右/
data/background/bg04/旗左/
data/background/bg04/灯篭大/
data/background/bg04/燈篭緑/
data/background/bg04/燈篭赤/
data/background/bg04/綱/
data/background/bg04/蟀吝｡ソ
data/background/bg04/蟀吝ｵ構
data/background/bg04/賽銭箱/
data/background/bg04/鐘つきどう/
data/background/bg04/階段/
data/background/bg05/
data/background/bg05/000メイン壁/
data/background/bg05/000円柱/
data/background/bg05/000円柱奥/
data/background/bg05/000塔ベランダ/
data/background/bg05/000塔屋根上/
data/background/bg05/000塔屋根下/
data/background/bg05/000塔屋根中/
data/background/bg05/000塔本体/
data/background/bg05/000塔飾り/
data/background/bg05/000塔飾り奥/
data/background/bg05/000屋根上/
data/background/bg05/000屋根下/
data/background/bg05/000屋根下彫刻/
data/background/bg05/000屋根中/
data/background/bg05/000屋根脇/
data/background/bg05/000屋根脇上/
data/background/bg05/000屋根脇下/
data/background/bg05/000屋根脇中/
data/background/bg05/000床/
data/background/bg05/000獅子ブロック/
data/background/bg05/000空/
data/background/bg05/000遠景Ａ/
data/background/bg05/000飾り柱メイン/
data/background/bg05/000龍飾り/
data/background/bg05/010霧/
data/background/bg05/011霧/
data/background/bg05/012霧/
data/background/bg05/013霧/
data/background/bg05/014霧/
data/background/bg05/015霧/
data/background/bg05/016霧/
data/background/bg05/017霧/
data/background/bg05/018霧/
data/background/bg05/019霧/
data/background/bg05/020霧/
data/background/bg05/021霧/
data/background/bg05/022霧/
data/background/bg05/023霧/
data/background/bg05/024霧/
data/background/bg05/025霧/
data/background/bg05/026霧/
data/background/bg05/027霧/
data/background/bg05/028霧/
data/background/bg05/029霧/
data/background/bg05/030霧/
data/background/bg05/031霧/
data/background/bg05/032霧/
data/background/bg05/033霧/
data/background/bg05/050霧/
data/background/bg05/kazari_00/
data/background/bg05/kazari_01/
data/background/bg05/kazari_02/
data/background/bg05/kazari_03/
data/background/bg05/kazari_04/
data/background/bg05/kazari_05/
data/background/bg05/kazari_06/
data/background/bg05/kazari_07/
data/background/bg05/kazari_08/
data/background/bg05/kazari_09/
data/background/bg05/kazari_10/
data/background/bg05/kazari_11/
data/background/bg05/kazari_12/
data/background/bg05/kazari_13/
data/background/bg05/kazari_14/
data/background/bg05/kazari_15/
data/background/bg05/kazari_16/
data/background/bg05/kazari_17/
data/background/bg05/kazari_18/
data/background/bg05/kazari_19/
data/background/bg05/kazari_20/
data/background/bg05/kazari_21/
data/background/bg05/kazari_22/
data/background/bg05/kazari_23/
data/background/bg05/kazari_24/
data/background/bg05/kazari_25/
data/background/bg05/mob/
data/background/bg05/メイン壁/
data/background/bg05/仙人モブ中段/
data/background/bg05/仙人モブ中段２/
data/background/bg05/仙人モブ最前/
data/background/bg05/仙人モブ最前2/
data/background/bg05/仙人モブ最奥/
data/background/bg05/円柱/
data/background/bg05/円柱奥/
data/background/bg05/塔/
data/background/bg05/塔ベランダ/
data/background/bg05/塔屋根上/
data/background/bg05/塔屋根下/
data/background/bg05/塔屋根中/
data/background/bg05/塔本体/
data/background/bg05/塔飾り/
data/background/bg05/塔飾り奥/
data/background/bg05/屋根上/
data/background/bg05/屋根下/
data/background/bg05/屋根下彫刻/
data/background/bg05/屋根中/
data/background/bg05/屋根脇/
data/background/bg05/屋根脇上/
data/background/bg05/屋根脇下/
data/background/bg05/屋根脇中/
data/background/bg05/床/
data/background/bg05/獅子ブロック/
data/background/bg05/遠景Ａ/
data/background/bg05/階段/
data/background/bg05/霧/
data/background/bg05/飾り柱メイン/
data/background/bg05/龍飾り/
data/background/bg06/
data/background/bg06/000台座/
data/background/bg06/000塔/
data/background/bg06/000水面/
data/background/bg06/000空/
data/background/bg06/000空奥/
data/background/bg06/000螫ｻ蠅ｱ/
data/background/bg06/000謌懷ｵ予
data/background/bg06/000謔域渕/
data/background/bg06/000謳ｩ/
data/background/bg06/001光/
data/background/bg06/001蟯拿
data/background/bg06/002光/
data/background/bg06/002蟯拿
data/background/bg06/003光/
data/background/bg06/003蟯拿
data/background/bg06/050flower/
data/background/bg06/flower/
data/background/bg06/mob/
data/background/bg06/台座/
data/background/bg06/塔/
data/background/bg06/水面/
data/background/bg06/空奥/
data/background/bg07/
data/background/bg07/000空/
data/background/bg07/001山奥/
data/background/bg07/002中央/
data/background/bg07/003山手前/
data/background/bg07/mob/
data/background/bg07/obj1/
data/background/bg07/obj10/
data/background/bg07/obj11/
data/background/bg07/obj12/
data/background/bg07/obj13/
data/background/bg07/obj14/
data/background/bg07/obj15/
data/background/bg07/obj16/
data/background/bg07/obj17/
data/background/bg07/obj18/
data/background/bg07/obj19/
data/background/bg07/obj2/
data/background/bg07/obj20/
data/background/bg07/obj21/
data/background/bg07/obj22/
data/background/bg07/obj23/
data/background/bg07/obj24/
data/background/bg07/obj25/
data/background/bg07/obj26/
data/background/bg07/obj27/
data/background/bg07/obj28/
data/background/bg07/obj29/
data/background/bg07/obj3/
data/background/bg07/obj30/
data/background/bg07/obj31/
data/background/bg07/obj32/
data/background/bg07/obj33/
data/background/bg07/obj34/
data/background/bg07/obj35/
data/background/bg07/obj36/
data/background/bg07/obj37/
data/background/bg07/obj38/
data/background/bg07/obj39/
data/background/bg07/obj4/
data/background/bg07/obj40/
data/background/bg07/obj41/
data/background/bg07/obj42/
data/background/bg07/obj43/
data/background/bg07/obj5/
data/background/bg07/obj6/
data/background/bg07/obj7/
data/background/bg07/obj8/
data/background/bg07/obj9/
data/background/bg07/パイプ/
data/background/bg07/メイン/
data/background/bg07/メイン1/
data/background/bg07/川/
data/background/bg07/滝/
data/background/bg07/石/
data/background/bg08/
data/background/bg08/mob/
data/background/bg08/壁奥平面/
data/background/bg08/壁１/
data/background/bg08/壁１1/
data/background/bg08/壁２/
data/background/bg08/壁２1/
data/background/bg08/壁３/
data/background/bg08/壁３1/
data/background/bg08/天井/
data/background/bg08/床１/
data/background/bg08/床１1/
data/background/bg08/床１2/
data/background/bg08/床２/
data/background/bg08/床２1/
data/background/bg08/床２2/
data/background/bg08/床３/
data/background/bg08/床３1/
data/background/bg08/柱/
data/background/bg08/柱B/
data/background/bg08/横壁シンプル/
data/background/bg09/
data/background/bg09/000地面/
data/background/bg09/000基礎前/
data/background/bg09/000屋根/
data/background/bg09/000屋根前/
data/background/bg09/000屋根前下/
data/background/bg09/000屋根端/
data/background/bg09/000屋根裏/
data/background/bg09/000横柱アーチ/
data/background/bg09/000灯篭/
data/background/bg09/000石通路/
data/background/bg09/000神社/
data/background/bg09/000神社本体/
data/background/bg09/000空/
data/background/bg09/000螫ｻ/
data/background/bg09/000謚ｧ譟ｺ/
data/background/bg09/001山奥/
data/background/bg09/001蠍ｳ蠅ｱ/
data/background/bg09/002中央/
data/background/bg09/002森中/
data/background/bg09/002諤ｷ諡杤
data/background/bg09/003山手前/
data/background/bg09/003森中央/
data/background/bg09/003諤ｷ諡槫｢ｰ/
data/background/bg09/004森手前右/
data/background/bg09/004諤ｷ蠎､諷懷｡ソ
data/background/bg09/005森手前左/
data/background/bg09/005諤ｷ蠎､諷懷ｵ構
data/background/bg09/mob/
data/background/bg09/obj1/
data/background/bg09/obj2/
data/background/bg09/地面/
data/background/bg09/地面1/
data/background/bg09/森中/
data/background/bg09/神社/
data/background/bg10/
data/background/bg10/000テーブル1/
data/background/bg10/000卓上小物/
data/background/bg10/000床/
data/background/bg10/000建物_三省堂/
data/background/bg10/000建物_民家右/
data/background/bg10/000建物_民家右端/
data/background/bg10/000建物_民家左/
data/background/bg10/000建物_花屋本体/
data/background/bg10/000建物_花屋柱/
data/background/bg10/000建物_蔵/
data/background/bg10/000建物_蔵屋根手前/
data/background/bg10/000建物_飲み屋/
data/background/bg10/000建物_飲み屋カウンター/
data/background/bg10/000建物_飲み屋ベランダ/
data/background/bg10/000建物_飲み屋内装/
data/background/bg10/000建物_飲み屋屋根/
data/background/bg10/000建物_飲み屋屋根2F/
data/background/bg10/000建物_飲み屋屋根手前1F/
data/background/bg10/000建物_飲み屋屋根手前2F/
data/background/bg10/000建物_飲み屋柱/
data/background/bg10/000建物_飲み屋看板/
data/background/bg10/000建物_骨董屋/
data/background/bg10/000建物_骨董屋屋根手前/
data/background/bg10/000建物_骨董屋屋根軒先/
data/background/bg10/000建物_骨董屋看板/
data/background/bg10/000提灯Ａ/
data/background/bg10/000空/
data/background/bg10/000道具1/
data/background/bg10/000道具2/
data/background/bg10/000道具3/
data/background/bg10/000道具4/
data/background/bg10/000道具5/
data/background/bg10/000道具6/
data/background/bg10/000道具7/
data/background/bg10/000道具8/
data/background/bg10/000酒樽椅子/
data/background/bg10/000酒樽１/
data/background/bg10/000酒樽２/
data/background/bg10/001山奥/
data/background/bg10/002中央/
data/background/bg10/mob/
data/background/bg10/テーブル/
data/background/bg10/三省堂/
data/background/bg10/卓上小物/
data/background/bg10/床/
data/background/bg10/椅子/
data/background/bg10/民家右/
data/background/bg10/民家左/
data/background/bg10/飲み屋/
data/background/bg10/飲み屋屋根/
data/background/bg11/
data/background/bg11/000地面/
data/background/bg11/000空/
data/background/bg11/000螫ｻ/
data/background/bg11/000謚ｧ譟ｺ/
data/background/bg11/001山奥/
data/background/bg11/001蠍ｳ蠅ｱ/
data/background/bg11/002森中/
data/background/bg11/002諤ｷ諡杤
data/background/bg11/003森中央/
data/background/bg11/003諤ｷ諡槫｢ｰ/
data/background/lite/
data/background/min/
data/background/mob/
data/background/mob_position/
data/background/story/
data/background/zmob/
data/bgm/
data/csv/
data/csv/story/
data/csv/story/futo/
data/csv/story/hijiri/
data/csv/story/huto/
data/csv/story/ichirin/
data/csv/story/koishi/
data/csv/story/kokoro/
data/csv/story/mamizou/
data/csv/story/marisa/
data/csv/story/miko/
data/csv/story/nitori/
data/csv/story/reimu/
data/ed/
data/ed/image/
data/font/
data/material/
data/material/obj1/
data/material/床/
data/material/灯篭/
data/material/神社本体/
data/material/蔵/
data/material/賽銭箱/
data/material/通路/
data/scenario/effect/
data/scenario/marisa/effect/
data/scenario/reimu/effect/
data/script/
data/script/background/
data/script/csv/
data/script/story/
data/script/story/common/
data/script/story/csv/
data/script/story/futo/
data/script/story/hijiri/
data/script/story/ichirin/
data/script/story/koishi/
data/script/story/kokoro/
data/script/story/mamizou/
data/script/story/marisa/
data/script/story/miko/
data/script/story/nitori/
data/script/story/reimu/
data/script/story/reimu/csv/
data/script/story/system/
data/se/
data/se/common/
data/se/futo/
data/se/hijiri/
data/se/ichirin/
data/se/koishi/
data/se/kokoro/
data/se/mamizou/
data/se/marisa/
data/se/miko/
data/se/nitori/
data/se/reimu/
data/se/system/
data/system/
data/system/battlestatus/
data/system/battlestatus/hijiri/
data/system/battlestatus/huto/
data/system/battlestatus/ichirin/
data/system/battlestatus/koishi/
data/system/battlestatus/kokoro/
data/system/battlestatus/mamizou/
data/system/battlestatus/marisa/
data/system/battlestatus/miko/
data/system/battlestatus/nitori/
data/system/battlestatus/reimu/
data/system/bg/
data/system/boot_splash/
data/system/char_def/
data/system/char_def/big_name/
data/system/char_def/face/
data/system/char_def/face/futo/
data/system/char_def/face/hijiri/
data/system/char_def/face/ichirin/
data/system/char_def/face/koishi/
data/system/char_def/face/kokoro/
data/system/char_def/face/mamizou/
data/system/char_def/face/marisa/
data/system/char_def/face/miko/
data/system/char_def/face/nitori/
data/system/char_def/face/reimu/
data/system/char_def/name/
data/system/char_def/select/
data/system/char_select/
data/system/char_select/stage_thum/
data/system/char_select2/
data/system/char_select2/dot/
data/system/circle_logo/
data/system/component/
data/system/continue_confirm/
data/system/ed/
data/system/ed2/
data/system/effect/
data/system/explain/
data/system/font/
data/system/icon/
data/system/item_icon/
data/system/manbow_render/
data/system/manbow_render/csv/
data/system/manbow_render/csv_vs/
data/system/manbow_render/midashi1/
data/system/manbow_render/midashi2/
data/system/music_room/
data/system/network_vs/
data/system/network_vs/explain/
data/system/network_vs/message/
data/system/op/
data/system/pause/
data/system/practice/
data/system/profile/
data/system/profile/equip/
data/system/profile/submenu/
data/system/profile_select/
data/system/replay_confirm/
data/system/replay_select/
data/system/stage_select/
data/system/story_select/
data/system/sys_config/
data/system/talk/
data/system/title/
data/win/
